// Jest Snapshot v1, https://goo.gl/fbAQLP

exports[`StarwarsCharacter renders a snapshot 1`] = `
<img
  className="css-14hden7-Spinner"
  src="spinner.gif"
/>
`;
